------------------------------------------------------------
TimeQuest Timing Analyzer Summary
------------------------------------------------------------

Type  : Slow 1200mV 85C Model Setup 'runDebugIN'
Slack : -0.674
TNS   : -3.010

Type  : Slow 1200mV 85C Model Setup 'divisor_de_frequencia:instDiv|flip_flop_d:gen_for[0].ffN|q'
Slack : 0.049
TNS   : 0.000

Type  : Slow 1200mV 85C Model Setup 'divisor_de_frequencia:instDiv|flip_flop_d:ff0|q'
Slack : 0.204
TNS   : 0.000

Type  : Slow 1200mV 85C Model Setup 'clkIN'
Slack : 0.213
TNS   : 0.000

Type  : Slow 1200mV 85C Model Setup 'divisor_de_frequencia:instDiv|flip_flop_d:gen_for[1].ffN|q'
Slack : 0.318
TNS   : 0.000

Type  : Slow 1200mV 85C Model Hold 'clkIN'
Slack : -0.268
TNS   : -0.268

Type  : Slow 1200mV 85C Model Hold 'divisor_de_frequencia:instDiv|flip_flop_d:gen_for[0].ffN|q'
Slack : 0.011
TNS   : 0.000

Type  : Slow 1200mV 85C Model Hold 'divisor_de_frequencia:instDiv|flip_flop_d:ff0|q'
Slack : 0.024
TNS   : 0.000

Type  : Slow 1200mV 85C Model Hold 'runDebugIN'
Slack : 0.344
TNS   : 0.000

Type  : Slow 1200mV 85C Model Hold 'divisor_de_frequencia:instDiv|flip_flop_d:gen_for[1].ffN|q'
Slack : 0.385
TNS   : 0.000

Type  : Slow 1200mV 85C Model Minimum Pulse Width 'runDebugIN'
Slack : -3.000
TNS   : -13.000

Type  : Slow 1200mV 85C Model Minimum Pulse Width 'clkIN'
Slack : -3.000
TNS   : -4.000

Type  : Slow 1200mV 85C Model Minimum Pulse Width 'divisor_de_frequencia:instDiv|flip_flop_d:ff0|q'
Slack : -1.000
TNS   : -1.000

Type  : Slow 1200mV 85C Model Minimum Pulse Width 'divisor_de_frequencia:instDiv|flip_flop_d:gen_for[0].ffN|q'
Slack : -1.000
TNS   : -1.000

Type  : Slow 1200mV 85C Model Minimum Pulse Width 'divisor_de_frequencia:instDiv|flip_flop_d:gen_for[1].ffN|q'
Slack : -1.000
TNS   : -1.000

Type  : Slow 1200mV 0C Model Setup 'runDebugIN'
Slack : -0.495
TNS   : -1.866

Type  : Slow 1200mV 0C Model Setup 'divisor_de_frequencia:instDiv|flip_flop_d:gen_for[0].ffN|q'
Slack : 0.118
TNS   : 0.000

Type  : Slow 1200mV 0C Model Setup 'divisor_de_frequencia:instDiv|flip_flop_d:ff0|q'
Slack : 0.236
TNS   : 0.000

Type  : Slow 1200mV 0C Model Setup 'clkIN'
Slack : 0.294
TNS   : 0.000

Type  : Slow 1200mV 0C Model Setup 'divisor_de_frequencia:instDiv|flip_flop_d:gen_for[1].ffN|q'
Slack : 0.398
TNS   : 0.000

Type  : Slow 1200mV 0C Model Hold 'clkIN'
Slack : -0.304
TNS   : -0.304

Type  : Slow 1200mV 0C Model Hold 'divisor_de_frequencia:instDiv|flip_flop_d:gen_for[0].ffN|q'
Slack : -0.015
TNS   : -0.015

Type  : Slow 1200mV 0C Model Hold 'divisor_de_frequencia:instDiv|flip_flop_d:ff0|q'
Slack : 0.012
TNS   : 0.000

Type  : Slow 1200mV 0C Model Hold 'runDebugIN'
Slack : 0.300
TNS   : 0.000

Type  : Slow 1200mV 0C Model Hold 'divisor_de_frequencia:instDiv|flip_flop_d:gen_for[1].ffN|q'
Slack : 0.341
TNS   : 0.000

Type  : Slow 1200mV 0C Model Minimum Pulse Width 'runDebugIN'
Slack : -3.000
TNS   : -13.000

Type  : Slow 1200mV 0C Model Minimum Pulse Width 'clkIN'
Slack : -3.000
TNS   : -4.000

Type  : Slow 1200mV 0C Model Minimum Pulse Width 'divisor_de_frequencia:instDiv|flip_flop_d:ff0|q'
Slack : -1.000
TNS   : -1.000

Type  : Slow 1200mV 0C Model Minimum Pulse Width 'divisor_de_frequencia:instDiv|flip_flop_d:gen_for[0].ffN|q'
Slack : -1.000
TNS   : -1.000

Type  : Slow 1200mV 0C Model Minimum Pulse Width 'divisor_de_frequencia:instDiv|flip_flop_d:gen_for[1].ffN|q'
Slack : -1.000
TNS   : -1.000

Type  : Fast 1200mV 0C Model Setup 'runDebugIN'
Slack : 0.066
TNS   : 0.000

Type  : Fast 1200mV 0C Model Setup 'divisor_de_frequencia:instDiv|flip_flop_d:gen_for[0].ffN|q'
Slack : 0.249
TNS   : 0.000

Type  : Fast 1200mV 0C Model Setup 'divisor_de_frequencia:instDiv|flip_flop_d:ff0|q'
Slack : 0.359
TNS   : 0.000

Type  : Fast 1200mV 0C Model Setup 'clkIN'
Slack : 0.387
TNS   : 0.000

Type  : Fast 1200mV 0C Model Setup 'divisor_de_frequencia:instDiv|flip_flop_d:gen_for[1].ffN|q'
Slack : 0.626
TNS   : 0.000

Type  : Fast 1200mV 0C Model Hold 'clkIN'
Slack : -0.232
TNS   : -0.232

Type  : Fast 1200mV 0C Model Hold 'divisor_de_frequencia:instDiv|flip_flop_d:ff0|q'
Slack : -0.005
TNS   : -0.005

Type  : Fast 1200mV 0C Model Hold 'divisor_de_frequencia:instDiv|flip_flop_d:gen_for[0].ffN|q'
Slack : 0.008
TNS   : 0.000

Type  : Fast 1200mV 0C Model Hold 'runDebugIN'
Slack : 0.179
TNS   : 0.000

Type  : Fast 1200mV 0C Model Hold 'divisor_de_frequencia:instDiv|flip_flop_d:gen_for[1].ffN|q'
Slack : 0.208
TNS   : 0.000

Type  : Fast 1200mV 0C Model Minimum Pulse Width 'runDebugIN'
Slack : -3.000
TNS   : -14.715

Type  : Fast 1200mV 0C Model Minimum Pulse Width 'clkIN'
Slack : -3.000
TNS   : -4.000

Type  : Fast 1200mV 0C Model Minimum Pulse Width 'divisor_de_frequencia:instDiv|flip_flop_d:ff0|q'
Slack : -1.000
TNS   : -1.000

Type  : Fast 1200mV 0C Model Minimum Pulse Width 'divisor_de_frequencia:instDiv|flip_flop_d:gen_for[0].ffN|q'
Slack : -1.000
TNS   : -1.000

Type  : Fast 1200mV 0C Model Minimum Pulse Width 'divisor_de_frequencia:instDiv|flip_flop_d:gen_for[1].ffN|q'
Slack : -1.000
TNS   : -1.000

------------------------------------------------------------
