Flow report for arqNeander
Mon Jun 22 15:21:03 2026
Quartus II 64-Bit Version 13.1.0 Build 162 10/23/2013 SJ Web Edition


---------------------
; Table of Contents ;
---------------------
  1. Legal Notice
  2. Flow Summary
  3. Flow Settings
  4. Flow Non-Default Global Settings
  5. Flow Elapsed Time
  6. Flow OS Summary
  7. Flow Log
  8. Flow Messages
  9. Flow Suppressed Messages



----------------
; Legal Notice ;
----------------
Copyright (C) 1991-2013 Altera Corporation
Your use of Altera Corporation's design tools, logic functions 
and other software and tools, and its AMPP partner logic 
functions, and any output files from any of the foregoing 
(including device programming or simulation files), and any 
associated documentation or information are expressly subject 
to the terms and conditions of the Altera Program License 
Subscription Agreement, Altera MegaCore Function License 
Agreement, or other applicable license agreement, including, 
without limitation, that your use is for the sole purpose of 
programming logic devices manufactured by Altera and sold by 
Altera or its authorized distributors.  Please refer to the 
applicable agreement for further details.



+---------------------------------------------------------------------------------+
; Flow Summary                                                                    ;
+------------------------------------+--------------------------------------------+
; Flow Status                        ; Successful - Mon Jun 22 15:21:03 2026      ;
; Quartus II 64-Bit Version          ; 13.1.0 Build 162 10/23/2013 SJ Web Edition ;
; Revision Name                      ; arqNeander                                 ;
; Top-level Entity Name              ; neander                                    ;
; Family                             ; Cyclone III                                ;
; Device                             ; EP3C16F484C6                               ;
; Timing Models                      ; Final                                      ;
; Total logic elements               ; 40 / 15,408 ( < 1 % )                      ;
;     Total combinational functions  ; 37 / 15,408 ( < 1 % )                      ;
;     Dedicated logic registers      ; 14 / 15,408 ( < 1 % )                      ;
; Total registers                    ; 14                                         ;
; Total pins                         ; 39 / 347 ( 11 % )                          ;
; Total virtual pins                 ; 0                                          ;
; Total memory bits                  ; 0 / 516,096 ( 0 % )                        ;
; Embedded Multiplier 9-bit elements ; 0 / 112 ( 0 % )                            ;
; Total PLLs                         ; 0 / 4 ( 0 % )                              ;
+------------------------------------+--------------------------------------------+


+-----------------------------------------+
; Flow Settings                           ;
+-------------------+---------------------+
; Option            ; Setting             ;
+-------------------+---------------------+
; Start date & time ; 06/22/2026 15:20:38 ;
; Main task         ; Compilation         ;
; Revision Name     ; arqNeander          ;
+-------------------+---------------------+


+--------------------------------------------------------------------------------------------------------------------------------------------------------------------+
; Flow Non-Default Global Settings                                                                                                                                   ;
+-------------------------------------+-------------------------------------------------------------------------------+---------------+-------------+----------------+
; Assignment Name                     ; Value                                                                         ; Default Value ; Entity Name ; Section Id     ;
+-------------------------------------+-------------------------------------------------------------------------------+---------------+-------------+----------------+
; COMPILER_SIGNATURE_ID               ; 180720257643458.178215243810668                                               ; --            ; --          ; --             ;
; EDA_GENERATE_FUNCTIONAL_NETLIST     ; On                                                                            ; --            ; --          ; eda_simulation ;
; EDA_NETLIST_WRITER_OUTPUT_DIR       ; C:/Users/aluno/Downloads/neanderUFRGS-main/neanderUFRGS-main/simulation/qsim/ ; --            ; --          ; eda_simulation ;
; EDA_OUTPUT_DATA_FORMAT              ; Verilog Hdl                                                                   ; --            ; --          ; eda_simulation ;
; EDA_SIMULATION_TOOL                 ; ModelSim-Altera (Verilog)                                                     ; <None>        ; --          ; --             ;
; EDA_TIME_SCALE                      ; 1 ps                                                                          ; --            ; --          ; eda_simulation ;
; MAX_CORE_JUNCTION_TEMP              ; 85                                                                            ; --            ; --          ; --             ;
; MIN_CORE_JUNCTION_TEMP              ; 0                                                                             ; --            ; --          ; --             ;
; PARTITION_COLOR                     ; 16764057                                                                      ; --            ; neander     ; Top            ;
; PARTITION_FITTER_PRESERVATION_LEVEL ; PLACEMENT_AND_ROUTING                                                         ; --            ; neander     ; Top            ;
; PARTITION_NETLIST_TYPE              ; SOURCE                                                                        ; --            ; neander     ; Top            ;
; PROJECT_OUTPUT_DIRECTORY            ; output_files                                                                  ; --            ; --          ; --             ;
; TOP_LEVEL_ENTITY                    ; neander                                                                       ; arqNeander    ; --          ; --             ;
+-------------------------------------+-------------------------------------------------------------------------------+---------------+-------------+----------------+


+-------------------------------------------------------------------------------------------------------------------------------+
; Flow Elapsed Time                                                                                                             ;
+---------------------------+--------------+-------------------------+---------------------+------------------------------------+
; Module Name               ; Elapsed Time ; Average Processors Used ; Peak Virtual Memory ; Total CPU Time (on all processors) ;
+---------------------------+--------------+-------------------------+---------------------+------------------------------------+
; Analysis & Synthesis      ; 00:00:03     ; 1.0                     ; 4613 MB             ; 00:00:02                           ;
; Fitter                    ; 00:00:10     ; 1.0                     ; 4954 MB             ; 00:00:10                           ;
; Assembler                 ; 00:00:03     ; 1.0                     ; 4584 MB             ; 00:00:02                           ;
; TimeQuest Timing Analyzer ; 00:00:04     ; 1.0                     ; 4621 MB             ; 00:00:03                           ;
; EDA Netlist Writer        ; 00:00:00     ; 1.0                     ; 4530 MB             ; 00:00:01                           ;
; Total                     ; 00:00:20     ; --                      ; --                  ; 00:00:18                           ;
+---------------------------+--------------+-------------------------+---------------------+------------------------------------+


+----------------------------------------------------------------------------------------+
; Flow OS Summary                                                                        ;
+---------------------------+------------------+-----------+------------+----------------+
; Module Name               ; Machine Hostname ; OS Name   ; OS Version ; Processor type ;
+---------------------------+------------------+-----------+------------+----------------+
; Analysis & Synthesis      ; s-67-104-27      ; Windows 7 ; 6.2        ; x86_64         ;
; Fitter                    ; s-67-104-27      ; Windows 7 ; 6.2        ; x86_64         ;
; Assembler                 ; s-67-104-27      ; Windows 7 ; 6.2        ; x86_64         ;
; TimeQuest Timing Analyzer ; s-67-104-27      ; Windows 7 ; 6.2        ; x86_64         ;
; EDA Netlist Writer        ; s-67-104-27      ; Windows 7 ; 6.2        ; x86_64         ;
+---------------------------+------------------+-----------+------------+----------------+


------------
; Flow Log ;
------------
quartus_map --read_settings_files=on --write_settings_files=off arqNeander -c arqNeander
quartus_fit --read_settings_files=off --write_settings_files=off arqNeander -c arqNeander
quartus_asm --read_settings_files=off --write_settings_files=off arqNeander -c arqNeander
quartus_sta arqNeander -c arqNeander
quartus_eda --read_settings_files=off --write_settings_files=off arqNeander -c arqNeander



