Analysis & Synthesis report for arqNeander
Mon Jun 22 01:07:17 2026
Quartus II 64-Bit Version 13.0.1 Build 232 06/12/2013 Service Pack 1 SJ Web Edition


---------------------
; Table of Contents ;
---------------------
  1. Legal Notice
  2. Analysis & Synthesis Summary
  3. Analysis & Synthesis Settings
  4. Parallel Compilation
  5. Analysis & Synthesis Source Files Read
  6. Analysis & Synthesis Resource Usage Summary
  7. Analysis & Synthesis Resource Utilization by Entity
  8. Registers Removed During Synthesis
  9. General Register Statistics
 10. Multiplexer Restructuring Statistics (Restructuring Performed)
 11. Parameter Settings for User Entity Instance: divisor_de_frequencia:instDiv
 12. Parameter Settings for User Entity Instance: ULA:inst|RCA8:rca8_ULA
 13. Port Connectivity Checks: "ULA:inst|RCA8:rca8_ULA"
 14. Port Connectivity Checks: "PC:inst6|incrementaPC:inc|ha:ha7"
 15. Port Connectivity Checks: "PC:inst6|incrementaPC:inc|ha:ha0"
 16. Elapsed Time Per Partition
 17. Analysis & Synthesis Messages



----------------
; Legal Notice ;
----------------
Copyright (C) 1991-2013 Altera Corporation
Your use of Altera Corporation's design tools, logic functions 
and other software and tools, and its AMPP partner logic 
functions, and any output files from any of the foregoing 
(including device programming or simulation files), and any 
associated documentation or information are expressly subject 
to the terms and conditions of the Altera Program License 
Subscription Agreement, Altera MegaCore Function License 
Agreement, or other applicable license agreement, including, 
without limitation, that your use is for the sole purpose of 
programming logic devices manufactured by Altera and sold by 
Altera or its authorized distributors.  Please refer to the 
applicable agreement for further details.



+--------------------------------------------------------------------------------------+
; Analysis & Synthesis Summary                                                         ;
+------------------------------------+-------------------------------------------------+
; Analysis & Synthesis Status        ; Successful - Mon Jun 22 01:07:17 2026           ;
; Quartus II 64-Bit Version          ; 13.0.1 Build 232 06/12/2013 SP 1 SJ Web Edition ;
; Revision Name                      ; arqNeander                                      ;
; Top-level Entity Name              ; neander                                         ;
; Family                             ; Cyclone IV GX                                   ;
; Total logic elements               ; 176                                             ;
;     Total combinational functions  ; 172                                             ;
;     Dedicated logic registers      ; 67                                              ;
; Total registers                    ; 67                                              ;
; Total pins                         ; 35                                              ;
; Total virtual pins                 ; 0                                               ;
; Total memory bits                  ; 0                                               ;
; Embedded Multiplier 9-bit elements ; 0                                               ;
; Total GXB Receiver Channel PCS     ; 0                                               ;
; Total GXB Receiver Channel PMA     ; 0                                               ;
; Total GXB Transmitter Channel PCS  ; 0                                               ;
; Total GXB Transmitter Channel PMA  ; 0                                               ;
; Total PLLs                         ; 0                                               ;
+------------------------------------+-------------------------------------------------+


+----------------------------------------------------------------------------------------------------------------------+
; Analysis & Synthesis Settings                                                                                        ;
+----------------------------------------------------------------------------+--------------------+--------------------+
; Option                                                                     ; Setting            ; Default Value      ;
+----------------------------------------------------------------------------+--------------------+--------------------+
; Top-level entity name                                                      ; neander            ; arqNeander         ;
; Family name                                                                ; Cyclone IV GX      ; Cyclone IV GX      ;
; Use smart compilation                                                      ; Off                ; Off                ;
; Enable parallel Assembler and TimeQuest Timing Analyzer during compilation ; On                 ; On                 ;
; Enable compact report table                                                ; Off                ; Off                ;
; Restructure Multiplexers                                                   ; Auto               ; Auto               ;
; Create Debugging Nodes for IP Cores                                        ; Off                ; Off                ;
; Preserve fewer node names                                                  ; On                 ; On                 ;
; Disable OpenCore Plus hardware evaluation                                  ; Off                ; Off                ;
; Verilog Version                                                            ; Verilog_2001       ; Verilog_2001       ;
; VHDL Version                                                               ; VHDL_1993          ; VHDL_1993          ;
; State Machine Processing                                                   ; Auto               ; Auto               ;
; Safe State Machine                                                         ; Off                ; Off                ;
; Extract Verilog State Machines                                             ; On                 ; On                 ;
; Extract VHDL State Machines                                                ; On                 ; On                 ;
; Ignore Verilog initial constructs                                          ; Off                ; Off                ;
; Iteration limit for constant Verilog loops                                 ; 5000               ; 5000               ;
; Iteration limit for non-constant Verilog loops                             ; 250                ; 250                ;
; Add Pass-Through Logic to Inferred RAMs                                    ; On                 ; On                 ;
; Infer RAMs from Raw Logic                                                  ; On                 ; On                 ;
; Parallel Synthesis                                                         ; On                 ; On                 ;
; DSP Block Balancing                                                        ; Auto               ; Auto               ;
; NOT Gate Push-Back                                                         ; On                 ; On                 ;
; Power-Up Don't Care                                                        ; On                 ; On                 ;
; Remove Redundant Logic Cells                                               ; Off                ; Off                ;
; Remove Duplicate Registers                                                 ; On                 ; On                 ;
; Ignore CARRY Buffers                                                       ; Off                ; Off                ;
; Ignore CASCADE Buffers                                                     ; Off                ; Off                ;
; Ignore GLOBAL Buffers                                                      ; Off                ; Off                ;
; Ignore ROW GLOBAL Buffers                                                  ; Off                ; Off                ;
; Ignore LCELL Buffers                                                       ; Off                ; Off                ;
; Ignore SOFT Buffers                                                        ; On                 ; On                 ;
; Limit AHDL Integers to 32 Bits                                             ; Off                ; Off                ;
; Optimization Technique                                                     ; Balanced           ; Balanced           ;
; Carry Chain Length                                                         ; 70                 ; 70                 ;
; Auto Carry Chains                                                          ; On                 ; On                 ;
; Auto Open-Drain Pins                                                       ; On                 ; On                 ;
; Perform WYSIWYG Primitive Resynthesis                                      ; Off                ; Off                ;
; Auto ROM Replacement                                                       ; On                 ; On                 ;
; Auto RAM Replacement                                                       ; On                 ; On                 ;
; Auto DSP Block Replacement                                                 ; On                 ; On                 ;
; Auto Shift Register Replacement                                            ; Auto               ; Auto               ;
; Allow Shift Register Merging across Hierarchies                            ; Auto               ; Auto               ;
; Auto Clock Enable Replacement                                              ; On                 ; On                 ;
; Strict RAM Replacement                                                     ; Off                ; Off                ;
; Allow Synchronous Control Signals                                          ; On                 ; On                 ;
; Force Use of Synchronous Clear Signals                                     ; Off                ; Off                ;
; Auto RAM Block Balancing                                                   ; On                 ; On                 ;
; Auto RAM to Logic Cell Conversion                                          ; Off                ; Off                ;
; Auto Resource Sharing                                                      ; Off                ; Off                ;
; Allow Any RAM Size For Recognition                                         ; Off                ; Off                ;
; Allow Any ROM Size For Recognition                                         ; Off                ; Off                ;
; Allow Any Shift Register Size For Recognition                              ; Off                ; Off                ;
; Use LogicLock Constraints during Resource Balancing                        ; On                 ; On                 ;
; Ignore translate_off and synthesis_off directives                          ; Off                ; Off                ;
; Timing-Driven Synthesis                                                    ; On                 ; On                 ;
; Report Parameter Settings                                                  ; On                 ; On                 ;
; Report Source Assignments                                                  ; On                 ; On                 ;
; Report Connectivity Checks                                                 ; On                 ; On                 ;
; Ignore Maximum Fan-Out Assignments                                         ; Off                ; Off                ;
; Synchronization Register Chain Length                                      ; 2                  ; 2                  ;
; PowerPlay Power Optimization                                               ; Normal compilation ; Normal compilation ;
; HDL message level                                                          ; Level2             ; Level2             ;
; Suppress Register Optimization Related Messages                            ; Off                ; Off                ;
; Number of Removed Registers Reported in Synthesis Report                   ; 5000               ; 5000               ;
; Number of Swept Nodes Reported in Synthesis Report                         ; 5000               ; 5000               ;
; Number of Inverted Registers Reported in Synthesis Report                  ; 100                ; 100                ;
; Clock MUX Protection                                                       ; On                 ; On                 ;
; Auto Gated Clock Conversion                                                ; Off                ; Off                ;
; Block Design Naming                                                        ; Auto               ; Auto               ;
; SDC constraint protection                                                  ; Off                ; Off                ;
; Synthesis Effort                                                           ; Auto               ; Auto               ;
; Shift Register Replacement - Allow Asynchronous Clear Signal               ; On                 ; On                 ;
; Pre-Mapping Resynthesis Optimization                                       ; Off                ; Off                ;
; Analysis & Synthesis Message Level                                         ; Medium             ; Medium             ;
; Disable Register Merging Across Hierarchies                                ; Auto               ; Auto               ;
; Resource Aware Inference For Block RAM                                     ; On                 ; On                 ;
; Synthesis Seed                                                             ; 1                  ; 1                  ;
+----------------------------------------------------------------------------+--------------------+--------------------+


Parallel compilation was disabled, but you have multiple processors available. Enable parallel compilation to reduce compilation time.
+-------------------------------------+
; Parallel Compilation                ;
+----------------------------+--------+
; Processors                 ; Number ;
+----------------------------+--------+
; Number detected on machine ; 16     ;
; Maximum allowed            ; 1      ;
+----------------------------+--------+


+---------------------------------------------------------------------------------------------------------------------------------------------------------------------------------------------+
; Analysis & Synthesis Source Files Read                                                                                                                                                      ;
+----------------------------------+-----------------+------------------------------------+-----------------------------------------------------------------------------------------+---------+
; File Name with User-Entered Path ; Used in Netlist ; File Type                          ; File Name with Absolute Path                                                            ; Library ;
+----------------------------------+-----------------+------------------------------------+-----------------------------------------------------------------------------------------+---------+
; seg_G.bdf                        ; yes             ; User Block Diagram/Schematic File  ; C:/Users/victo/OneDrive/햞ea de Trabalho/NeanderTF/neanderUFRGS/seg_G.bdf               ;         ;
; seg_E.bdf                        ; yes             ; User Block Diagram/Schematic File  ; C:/Users/victo/OneDrive/햞ea de Trabalho/NeanderTF/neanderUFRGS/seg_E.bdf               ;         ;
; seg_D.bdf                        ; yes             ; User Block Diagram/Schematic File  ; C:/Users/victo/OneDrive/햞ea de Trabalho/NeanderTF/neanderUFRGS/seg_D.bdf               ;         ;
; seg_B.bdf                        ; yes             ; User Block Diagram/Schematic File  ; C:/Users/victo/OneDrive/햞ea de Trabalho/NeanderTF/neanderUFRGS/seg_B.bdf               ;         ;
; seg_A.bdf                        ; yes             ; User Block Diagram/Schematic File  ; C:/Users/victo/OneDrive/햞ea de Trabalho/NeanderTF/neanderUFRGS/seg_A.bdf               ;         ;
; F.bdf                            ; yes             ; User Block Diagram/Schematic File  ; C:/Users/victo/OneDrive/햞ea de Trabalho/NeanderTF/neanderUFRGS/F.bdf                   ;         ;
; BCD-7seg.bdf                     ; yes             ; User Block Diagram/Schematic File  ; C:/Users/victo/OneDrive/햞ea de Trabalho/NeanderTF/neanderUFRGS/BCD-7seg.bdf            ;         ;
; bcd_ledC.bdf                     ; yes             ; User Block Diagram/Schematic File  ; C:/Users/victo/OneDrive/햞ea de Trabalho/NeanderTF/neanderUFRGS/bcd_ledC.bdf            ;         ;
; fa.v                             ; yes             ; User Verilog HDL File              ; C:/Users/victo/OneDrive/햞ea de Trabalho/NeanderTF/neanderUFRGS/fa.v                    ;         ;
; ha.v                             ; yes             ; User Verilog HDL File              ; C:/Users/victo/OneDrive/햞ea de Trabalho/NeanderTF/neanderUFRGS/ha.v                    ;         ;
; mux.v                            ; yes             ; User Verilog HDL File              ; C:/Users/victo/OneDrive/햞ea de Trabalho/NeanderTF/neanderUFRGS/mux.v                   ;         ;
; mux21.v                          ; yes             ; User Verilog HDL File              ; C:/Users/victo/OneDrive/햞ea de Trabalho/NeanderTF/neanderUFRGS/mux21.v                 ;         ;
; RCA8.v                           ; yes             ; User Verilog HDL File              ; C:/Users/victo/OneDrive/햞ea de Trabalho/NeanderTF/neanderUFRGS/RCA8.v                  ;         ;
; ULA.v                            ; yes             ; User Verilog HDL File              ; C:/Users/victo/OneDrive/햞ea de Trabalho/NeanderTF/neanderUFRGS/ULA.v                   ;         ;
; decodificadorNeander.v           ; yes             ; User Verilog HDL File              ; C:/Users/victo/OneDrive/햞ea de Trabalho/NeanderTF/neanderUFRGS/decodificadorNeander.v  ;         ;
; codificadorULA.v                 ; yes             ; User Verilog HDL File              ; C:/Users/victo/OneDrive/햞ea de Trabalho/NeanderTF/neanderUFRGS/codificadorULA.v        ;         ;
; divisor_de_frequencia.v          ; yes             ; User Verilog HDL File              ; C:/Users/victo/OneDrive/햞ea de Trabalho/NeanderTF/neanderUFRGS/divisor_de_frequencia.v ;         ;
; flip_flop_d.v                    ; yes             ; User Verilog HDL File              ; C:/Users/victo/OneDrive/햞ea de Trabalho/NeanderTF/neanderUFRGS/flip_flop_d.v           ;         ;
; temporizador.v                   ; yes             ; User Verilog HDL File              ; C:/Users/victo/OneDrive/햞ea de Trabalho/NeanderTF/neanderUFRGS/temporizador.v          ;         ;
; neander.bdf                      ; yes             ; User Block Diagram/Schematic File  ; C:/Users/victo/OneDrive/햞ea de Trabalho/NeanderTF/neanderUFRGS/neander.bdf             ;         ;
; runStepMode.v                    ; yes             ; User Verilog HDL File              ; C:/Users/victo/OneDrive/햞ea de Trabalho/NeanderTF/neanderUFRGS/runStepMode.v           ;         ;
; AC.v                             ; yes             ; User Verilog HDL File              ; C:/Users/victo/OneDrive/햞ea de Trabalho/NeanderTF/neanderUFRGS/AC.v                    ;         ;
; ffd_enable.v                     ; yes             ; User Verilog HDL File              ; C:/Users/victo/OneDrive/햞ea de Trabalho/NeanderTF/neanderUFRGS/ffd_enable.v            ;         ;
; RDM.v                            ; yes             ; User Verilog HDL File              ; C:/Users/victo/OneDrive/햞ea de Trabalho/NeanderTF/neanderUFRGS/RDM.v                   ;         ;
; REM.v                            ; yes             ; User Verilog HDL File              ; C:/Users/victo/OneDrive/햞ea de Trabalho/NeanderTF/neanderUFRGS/REM.v                   ;         ;
; incrementaPC.v                   ; yes             ; User Verilog HDL File              ; C:/Users/victo/OneDrive/햞ea de Trabalho/NeanderTF/neanderUFRGS/incrementaPC.v          ;         ;
; PC.v                             ; yes             ; User Verilog HDL File              ; C:/Users/victo/OneDrive/햞ea de Trabalho/NeanderTF/neanderUFRGS/PC.v                    ;         ;
; NZ.v                             ; yes             ; User Verilog HDL File              ; C:/Users/victo/OneDrive/햞ea de Trabalho/NeanderTF/neanderUFRGS/NZ.v                    ;         ;
; RI.v                             ; yes             ; User Verilog HDL File              ; C:/Users/victo/OneDrive/햞ea de Trabalho/NeanderTF/neanderUFRGS/RI.v                    ;         ;
; ROM.v                            ; yes             ; User Verilog HDL File              ; C:/Users/victo/OneDrive/햞ea de Trabalho/NeanderTF/neanderUFRGS/ROM.v                   ;         ;
; unidadeDeControle.v              ; yes             ; User Verilog HDL File              ; C:/Users/victo/OneDrive/햞ea de Trabalho/NeanderTF/neanderUFRGS/unidadeDeControle.v     ;         ;
+----------------------------------+-----------------+------------------------------------+-----------------------------------------------------------------------------------------+---------+


+---------------------------------------------+
; Analysis & Synthesis Resource Usage Summary ;
+--------------------------+------------------+
; Resource                 ; Usage            ;
+--------------------------+------------------+
; I/O pins                 ; 35               ;
; DSP block 9-bit elements ; 0                ;
; Maximum fan-out node     ; resetIN~input    ;
; Maximum fan-out          ; 64               ;
; Total fan-out            ; 852              ;
; Average fan-out          ; 2.76             ;
+--------------------------+------------------+


+-------------------------------------------------------------------------------------------------------------------------------------------------------------------------------------------------------------------------------------------------+
; Analysis & Synthesis Resource Utilization by Entity                                                                                                                                                                                             ;
+-------------------------------------+-------------------+--------------+-------------+--------------+---------+-----------+-----------+------+--------------+--------------------------------------------------------------------+--------------+
; Compilation Hierarchy Node          ; LC Combinationals ; LC Registers ; Memory Bits ; DSP Elements ; DSP 9x9 ; DSP 18x18 ; DSP 36x36 ; Pins ; Virtual Pins ; Full Hierarchy Name                                                ; Library Name ;
+-------------------------------------+-------------------+--------------+-------------+--------------+---------+-----------+-----------+------+--------------+--------------------------------------------------------------------+--------------+
; |neander                            ; 172 (2)           ; 67 (0)       ; 0           ; 0            ; 0       ; 0         ; 0         ; 35   ; 0            ; |neander                                                           ; work         ;
;    |AC:inst8|                       ; 0 (0)             ; 7 (0)        ; 0           ; 0            ; 0       ; 0         ; 0         ; 0    ; 0            ; |neander|AC:inst8                                                  ; work         ;
;       |ffd_enable:ffd0|             ; 0 (0)             ; 1 (1)        ; 0           ; 0            ; 0       ; 0         ; 0         ; 0    ; 0            ; |neander|AC:inst8|ffd_enable:ffd0                                  ; work         ;
;       |ffd_enable:ffd1|             ; 0 (0)             ; 1 (1)        ; 0           ; 0            ; 0       ; 0         ; 0         ; 0    ; 0            ; |neander|AC:inst8|ffd_enable:ffd1                                  ; work         ;
;       |ffd_enable:ffd2|             ; 0 (0)             ; 1 (1)        ; 0           ; 0            ; 0       ; 0         ; 0         ; 0    ; 0            ; |neander|AC:inst8|ffd_enable:ffd2                                  ; work         ;
;       |ffd_enable:ffd3|             ; 0 (0)             ; 1 (1)        ; 0           ; 0            ; 0       ; 0         ; 0         ; 0    ; 0            ; |neander|AC:inst8|ffd_enable:ffd3                                  ; work         ;
;       |ffd_enable:ffd4|             ; 0 (0)             ; 1 (1)        ; 0           ; 0            ; 0       ; 0         ; 0         ; 0    ; 0            ; |neander|AC:inst8|ffd_enable:ffd4                                  ; work         ;
;       |ffd_enable:ffd5|             ; 0 (0)             ; 1 (1)        ; 0           ; 0            ; 0       ; 0         ; 0         ; 0    ; 0            ; |neander|AC:inst8|ffd_enable:ffd5                                  ; work         ;
;       |ffd_enable:ffd6|             ; 0 (0)             ; 1 (1)        ; 0           ; 0            ; 0       ; 0         ; 0         ; 0    ; 0            ; |neander|AC:inst8|ffd_enable:ffd6                                  ; work         ;
;    |BCD-7seg:inst16|                ; 7 (0)             ; 0 (0)        ; 0           ; 0            ; 0       ; 0         ; 0         ; 0    ; 0            ; |neander|BCD-7seg:inst16                                           ; work         ;
;       |F:inst6|                     ; 1 (1)             ; 0 (0)        ; 0           ; 0            ; 0       ; 0         ; 0         ; 0    ; 0            ; |neander|BCD-7seg:inst16|F:inst6                                   ; work         ;
;       |bcd_ledC:inst3|              ; 1 (1)             ; 0 (0)        ; 0           ; 0            ; 0       ; 0         ; 0         ; 0    ; 0            ; |neander|BCD-7seg:inst16|bcd_ledC:inst3                            ; work         ;
;       |seg_A:inst|                  ; 1 (1)             ; 0 (0)        ; 0           ; 0            ; 0       ; 0         ; 0         ; 0    ; 0            ; |neander|BCD-7seg:inst16|seg_A:inst                                ; work         ;
;       |seg_B:inst2|                 ; 1 (1)             ; 0 (0)        ; 0           ; 0            ; 0       ; 0         ; 0         ; 0    ; 0            ; |neander|BCD-7seg:inst16|seg_B:inst2                               ; work         ;
;       |seg_D:inst4|                 ; 1 (1)             ; 0 (0)        ; 0           ; 0            ; 0       ; 0         ; 0         ; 0    ; 0            ; |neander|BCD-7seg:inst16|seg_D:inst4                               ; work         ;
;       |seg_E:inst5|                 ; 1 (1)             ; 0 (0)        ; 0           ; 0            ; 0       ; 0         ; 0         ; 0    ; 0            ; |neander|BCD-7seg:inst16|seg_E:inst5                               ; work         ;
;       |seg_G:inst7|                 ; 1 (1)             ; 0 (0)        ; 0           ; 0            ; 0       ; 0         ; 0         ; 0    ; 0            ; |neander|BCD-7seg:inst16|seg_G:inst7                               ; work         ;
;    |BCD-7seg:inst17|                ; 7 (0)             ; 0 (0)        ; 0           ; 0            ; 0       ; 0         ; 0         ; 0    ; 0            ; |neander|BCD-7seg:inst17                                           ; work         ;
;       |F:inst6|                     ; 1 (1)             ; 0 (0)        ; 0           ; 0            ; 0       ; 0         ; 0         ; 0    ; 0            ; |neander|BCD-7seg:inst17|F:inst6                                   ; work         ;
;       |bcd_ledC:inst3|              ; 1 (1)             ; 0 (0)        ; 0           ; 0            ; 0       ; 0         ; 0         ; 0    ; 0            ; |neander|BCD-7seg:inst17|bcd_ledC:inst3                            ; work         ;
;       |seg_A:inst|                  ; 1 (1)             ; 0 (0)        ; 0           ; 0            ; 0       ; 0         ; 0         ; 0    ; 0            ; |neander|BCD-7seg:inst17|seg_A:inst                                ; work         ;
;       |seg_B:inst2|                 ; 1 (1)             ; 0 (0)        ; 0           ; 0            ; 0       ; 0         ; 0         ; 0    ; 0            ; |neander|BCD-7seg:inst17|seg_B:inst2                               ; work         ;
;       |seg_D:inst4|                 ; 1 (1)             ; 0 (0)        ; 0           ; 0            ; 0       ; 0         ; 0         ; 0    ; 0            ; |neander|BCD-7seg:inst17|seg_D:inst4                               ; work         ;
;       |seg_E:inst5|                 ; 1 (1)             ; 0 (0)        ; 0           ; 0            ; 0       ; 0         ; 0         ; 0    ; 0            ; |neander|BCD-7seg:inst17|seg_E:inst5                               ; work         ;
;       |seg_G:inst7|                 ; 1 (1)             ; 0 (0)        ; 0           ; 0            ; 0       ; 0         ; 0         ; 0    ; 0            ; |neander|BCD-7seg:inst17|seg_G:inst7                               ; work         ;
;    |BCD-7seg:inst19|                ; 7 (0)             ; 0 (0)        ; 0           ; 0            ; 0       ; 0         ; 0         ; 0    ; 0            ; |neander|BCD-7seg:inst19                                           ; work         ;
;       |F:inst6|                     ; 1 (1)             ; 0 (0)        ; 0           ; 0            ; 0       ; 0         ; 0         ; 0    ; 0            ; |neander|BCD-7seg:inst19|F:inst6                                   ; work         ;
;       |bcd_ledC:inst3|              ; 1 (1)             ; 0 (0)        ; 0           ; 0            ; 0       ; 0         ; 0         ; 0    ; 0            ; |neander|BCD-7seg:inst19|bcd_ledC:inst3                            ; work         ;
;       |seg_A:inst|                  ; 1 (1)             ; 0 (0)        ; 0           ; 0            ; 0       ; 0         ; 0         ; 0    ; 0            ; |neander|BCD-7seg:inst19|seg_A:inst                                ; work         ;
;       |seg_B:inst2|                 ; 1 (1)             ; 0 (0)        ; 0           ; 0            ; 0       ; 0         ; 0         ; 0    ; 0            ; |neander|BCD-7seg:inst19|seg_B:inst2                               ; work         ;
;       |seg_D:inst4|                 ; 1 (1)             ; 0 (0)        ; 0           ; 0            ; 0       ; 0         ; 0         ; 0    ; 0            ; |neander|BCD-7seg:inst19|seg_D:inst4                               ; work         ;
;       |seg_E:inst5|                 ; 1 (1)             ; 0 (0)        ; 0           ; 0            ; 0       ; 0         ; 0         ; 0    ; 0            ; |neander|BCD-7seg:inst19|seg_E:inst5                               ; work         ;
;       |seg_G:inst7|                 ; 1 (1)             ; 0 (0)        ; 0           ; 0            ; 0       ; 0         ; 0         ; 0    ; 0            ; |neander|BCD-7seg:inst19|seg_G:inst7                               ; work         ;
;    |BCD-7seg:inst20|                ; 7 (0)             ; 0 (0)        ; 0           ; 0            ; 0       ; 0         ; 0         ; 0    ; 0            ; |neander|BCD-7seg:inst20                                           ; work         ;
;       |F:inst6|                     ; 1 (1)             ; 0 (0)        ; 0           ; 0            ; 0       ; 0         ; 0         ; 0    ; 0            ; |neander|BCD-7seg:inst20|F:inst6                                   ; work         ;
;       |bcd_ledC:inst3|              ; 1 (1)             ; 0 (0)        ; 0           ; 0            ; 0       ; 0         ; 0         ; 0    ; 0            ; |neander|BCD-7seg:inst20|bcd_ledC:inst3                            ; work         ;
;       |seg_A:inst|                  ; 1 (1)             ; 0 (0)        ; 0           ; 0            ; 0       ; 0         ; 0         ; 0    ; 0            ; |neander|BCD-7seg:inst20|seg_A:inst                                ; work         ;
;       |seg_B:inst2|                 ; 1 (1)             ; 0 (0)        ; 0           ; 0            ; 0       ; 0         ; 0         ; 0    ; 0            ; |neander|BCD-7seg:inst20|seg_B:inst2                               ; work         ;
;       |seg_D:inst4|                 ; 1 (1)             ; 0 (0)        ; 0           ; 0            ; 0       ; 0         ; 0         ; 0    ; 0            ; |neander|BCD-7seg:inst20|seg_D:inst4                               ; work         ;
;       |seg_E:inst5|                 ; 1 (1)             ; 0 (0)        ; 0           ; 0            ; 0       ; 0         ; 0         ; 0    ; 0            ; |neander|BCD-7seg:inst20|seg_E:inst5                               ; work         ;
;       |seg_G:inst7|                 ; 1 (1)             ; 0 (0)        ; 0           ; 0            ; 0       ; 0         ; 0         ; 0    ; 0            ; |neander|BCD-7seg:inst20|seg_G:inst7                               ; work         ;
;    |NZ:inst9|                       ; 0 (0)             ; 2 (0)        ; 0           ; 0            ; 0       ; 0         ; 0         ; 0    ; 0            ; |neander|NZ:inst9                                                  ; work         ;
;       |ffd_enable:ffd_N|            ; 0 (0)             ; 1 (1)        ; 0           ; 0            ; 0       ; 0         ; 0         ; 0    ; 0            ; |neander|NZ:inst9|ffd_enable:ffd_N                                 ; work         ;
;       |ffd_enable:ffd_Z|            ; 0 (0)             ; 1 (1)        ; 0           ; 0            ; 0       ; 0         ; 0         ; 0    ; 0            ; |neander|NZ:inst9|ffd_enable:ffd_Z                                 ; work         ;
;    |PC:inst6|                       ; 14 (0)            ; 8 (0)        ; 0           ; 0            ; 0       ; 0         ; 0         ; 0    ; 0            ; |neander|PC:inst6                                                  ; work         ;
;       |ffd_enable:ffd0|             ; 0 (0)             ; 1 (1)        ; 0           ; 0            ; 0       ; 0         ; 0         ; 0    ; 0            ; |neander|PC:inst6|ffd_enable:ffd0                                  ; work         ;
;       |ffd_enable:ffd1|             ; 0 (0)             ; 1 (1)        ; 0           ; 0            ; 0       ; 0         ; 0         ; 0    ; 0            ; |neander|PC:inst6|ffd_enable:ffd1                                  ; work         ;
;       |ffd_enable:ffd2|             ; 0 (0)             ; 1 (1)        ; 0           ; 0            ; 0       ; 0         ; 0         ; 0    ; 0            ; |neander|PC:inst6|ffd_enable:ffd2                                  ; work         ;
;       |ffd_enable:ffd3|             ; 0 (0)             ; 1 (1)        ; 0           ; 0            ; 0       ; 0         ; 0         ; 0    ; 0            ; |neander|PC:inst6|ffd_enable:ffd3                                  ; work         ;
;       |ffd_enable:ffd4|             ; 0 (0)             ; 1 (1)        ; 0           ; 0            ; 0       ; 0         ; 0         ; 0    ; 0            ; |neander|PC:inst6|ffd_enable:ffd4                                  ; work         ;
;       |ffd_enable:ffd5|             ; 0 (0)             ; 1 (1)        ; 0           ; 0            ; 0       ; 0         ; 0         ; 0    ; 0            ; |neander|PC:inst6|ffd_enable:ffd5                                  ; work         ;
;       |ffd_enable:ffd6|             ; 0 (0)             ; 1 (1)        ; 0           ; 0            ; 0       ; 0         ; 0         ; 0    ; 0            ; |neander|PC:inst6|ffd_enable:ffd6                                  ; work         ;
;       |ffd_enable:ffd7|             ; 0 (0)             ; 1 (1)        ; 0           ; 0            ; 0       ; 0         ; 0         ; 0    ; 0            ; |neander|PC:inst6|ffd_enable:ffd7                                  ; work         ;
;       |incrementaPC:inc|            ; 6 (0)             ; 0 (0)        ; 0           ; 0            ; 0       ; 0         ; 0         ; 0    ; 0            ; |neander|PC:inst6|incrementaPC:inc                                 ; work         ;
;          |ha:ha2|                   ; 1 (1)             ; 0 (0)        ; 0           ; 0            ; 0       ; 0         ; 0         ; 0    ; 0            ; |neander|PC:inst6|incrementaPC:inc|ha:ha2                          ; work         ;
;          |ha:ha3|                   ; 2 (2)             ; 0 (0)        ; 0           ; 0            ; 0       ; 0         ; 0         ; 0    ; 0            ; |neander|PC:inst6|incrementaPC:inc|ha:ha3                          ; work         ;
;          |ha:ha4|                   ; 1 (1)             ; 0 (0)        ; 0           ; 0            ; 0       ; 0         ; 0         ; 0    ; 0            ; |neander|PC:inst6|incrementaPC:inc|ha:ha4                          ; work         ;
;          |ha:ha6|                   ; 1 (1)             ; 0 (0)        ; 0           ; 0            ; 0       ; 0         ; 0         ; 0    ; 0            ; |neander|PC:inst6|incrementaPC:inc|ha:ha6                          ; work         ;
;          |ha:ha7|                   ; 1 (1)             ; 0 (0)        ; 0           ; 0            ; 0       ; 0         ; 0         ; 0    ; 0            ; |neander|PC:inst6|incrementaPC:inc|ha:ha7                          ; work         ;
;       |mux21:mux_inc|               ; 8 (8)             ; 0 (0)        ; 0           ; 0            ; 0       ; 0         ; 0         ; 0    ; 0            ; |neander|PC:inst6|mux21:mux_inc                                    ; work         ;
;    |RDM:inst11|                     ; 0 (0)             ; 8 (0)        ; 0           ; 0            ; 0       ; 0         ; 0         ; 0    ; 0            ; |neander|RDM:inst11                                                ; work         ;
;       |ffd_enable:ffd0|             ; 0 (0)             ; 1 (1)        ; 0           ; 0            ; 0       ; 0         ; 0         ; 0    ; 0            ; |neander|RDM:inst11|ffd_enable:ffd0                                ; work         ;
;       |ffd_enable:ffd1|             ; 0 (0)             ; 1 (1)        ; 0           ; 0            ; 0       ; 0         ; 0         ; 0    ; 0            ; |neander|RDM:inst11|ffd_enable:ffd1                                ; work         ;
;       |ffd_enable:ffd2|             ; 0 (0)             ; 1 (1)        ; 0           ; 0            ; 0       ; 0         ; 0         ; 0    ; 0            ; |neander|RDM:inst11|ffd_enable:ffd2                                ; work         ;
;       |ffd_enable:ffd3|             ; 0 (0)             ; 1 (1)        ; 0           ; 0            ; 0       ; 0         ; 0         ; 0    ; 0            ; |neander|RDM:inst11|ffd_enable:ffd3                                ; work         ;
;       |ffd_enable:ffd4|             ; 0 (0)             ; 1 (1)        ; 0           ; 0            ; 0       ; 0         ; 0         ; 0    ; 0            ; |neander|RDM:inst11|ffd_enable:ffd4                                ; work         ;
;       |ffd_enable:ffd5|             ; 0 (0)             ; 1 (1)        ; 0           ; 0            ; 0       ; 0         ; 0         ; 0    ; 0            ; |neander|RDM:inst11|ffd_enable:ffd5                                ; work         ;
;       |ffd_enable:ffd6|             ; 0 (0)             ; 1 (1)        ; 0           ; 0            ; 0       ; 0         ; 0         ; 0    ; 0            ; |neander|RDM:inst11|ffd_enable:ffd6                                ; work         ;
;       |ffd_enable:ffd7|             ; 0 (0)             ; 1 (1)        ; 0           ; 0            ; 0       ; 0         ; 0         ; 0    ; 0            ; |neander|RDM:inst11|ffd_enable:ffd7                                ; work         ;
;    |REM:inst10|                     ; 0 (0)             ; 8 (0)        ; 0           ; 0            ; 0       ; 0         ; 0         ; 0    ; 0            ; |neander|REM:inst10                                                ; work         ;
;       |ffd_enable:ffd0|             ; 0 (0)             ; 1 (1)        ; 0           ; 0            ; 0       ; 0         ; 0         ; 0    ; 0            ; |neander|REM:inst10|ffd_enable:ffd0                                ; work         ;
;       |ffd_enable:ffd1|             ; 0 (0)             ; 1 (1)        ; 0           ; 0            ; 0       ; 0         ; 0         ; 0    ; 0            ; |neander|REM:inst10|ffd_enable:ffd1                                ; work         ;
;       |ffd_enable:ffd2|             ; 0 (0)             ; 1 (1)        ; 0           ; 0            ; 0       ; 0         ; 0         ; 0    ; 0            ; |neander|REM:inst10|ffd_enable:ffd2                                ; work         ;
;       |ffd_enable:ffd3|             ; 0 (0)             ; 1 (1)        ; 0           ; 0            ; 0       ; 0         ; 0         ; 0    ; 0            ; |neander|REM:inst10|ffd_enable:ffd3                                ; work         ;
;       |ffd_enable:ffd4|             ; 0 (0)             ; 1 (1)        ; 0           ; 0            ; 0       ; 0         ; 0         ; 0    ; 0            ; |neander|REM:inst10|ffd_enable:ffd4                                ; work         ;
;       |ffd_enable:ffd5|             ; 0 (0)             ; 1 (1)        ; 0           ; 0            ; 0       ; 0         ; 0         ; 0    ; 0            ; |neander|REM:inst10|ffd_enable:ffd5                                ; work         ;
;       |ffd_enable:ffd6|             ; 0 (0)             ; 1 (1)        ; 0           ; 0            ; 0       ; 0         ; 0         ; 0    ; 0            ; |neander|REM:inst10|ffd_enable:ffd6                                ; work         ;
;       |ffd_enable:ffd7|             ; 0 (0)             ; 1 (1)        ; 0           ; 0            ; 0       ; 0         ; 0         ; 0    ; 0            ; |neander|REM:inst10|ffd_enable:ffd7                                ; work         ;
;    |RI:inst1|                       ; 0 (0)             ; 4 (0)        ; 0           ; 0            ; 0       ; 0         ; 0         ; 0    ; 0            ; |neander|RI:inst1                                                  ; work         ;
;       |ffd_enable:ffd4|             ; 0 (0)             ; 1 (1)        ; 0           ; 0            ; 0       ; 0         ; 0         ; 0    ; 0            ; |neander|RI:inst1|ffd_enable:ffd4                                  ; work         ;
;       |ffd_enable:ffd5|             ; 0 (0)             ; 1 (1)        ; 0           ; 0            ; 0       ; 0         ; 0         ; 0    ; 0            ; |neander|RI:inst1|ffd_enable:ffd5                                  ; work         ;
;       |ffd_enable:ffd6|             ; 0 (0)             ; 1 (1)        ; 0           ; 0            ; 0       ; 0         ; 0         ; 0    ; 0            ; |neander|RI:inst1|ffd_enable:ffd6                                  ; work         ;
;       |ffd_enable:ffd7|             ; 0 (0)             ; 1 (1)        ; 0           ; 0            ; 0       ; 0         ; 0         ; 0    ; 0            ; |neander|RI:inst1|ffd_enable:ffd7                                  ; work         ;
;    |ROM:inst14|                     ; 18 (18)           ; 0 (0)        ; 0           ; 0            ; 0       ; 0         ; 0         ; 0    ; 0            ; |neander|ROM:inst14                                                ; work         ;
;    |ULA:inst|                       ; 38 (4)            ; 0 (0)        ; 0           ; 0            ; 0       ; 0         ; 0         ; 0    ; 0            ; |neander|ULA:inst                                                  ; work         ;
;       |RCA8:rca8_ULA|               ; 7 (0)             ; 0 (0)        ; 0           ; 0            ; 0       ; 0         ; 0         ; 0    ; 0            ; |neander|ULA:inst|RCA8:rca8_ULA                                    ; work         ;
;          |fa:gen_for[1].u_fa|       ; 1 (1)             ; 0 (0)        ; 0           ; 0            ; 0       ; 0         ; 0         ; 0    ; 0            ; |neander|ULA:inst|RCA8:rca8_ULA|fa:gen_for[1].u_fa                 ; work         ;
;          |fa:gen_for[3].u_fa|       ; 4 (4)             ; 0 (0)        ; 0           ; 0            ; 0       ; 0         ; 0         ; 0    ; 0            ; |neander|ULA:inst|RCA8:rca8_ULA|fa:gen_for[3].u_fa                 ; work         ;
;          |fa:gen_for[4].u_fa|       ; 1 (1)             ; 0 (0)        ; 0           ; 0            ; 0       ; 0         ; 0         ; 0    ; 0            ; |neander|ULA:inst|RCA8:rca8_ULA|fa:gen_for[4].u_fa                 ; work         ;
;          |fa:gen_for[5].u_fa|       ; 1 (1)             ; 0 (0)        ; 0           ; 0            ; 0       ; 0         ; 0         ; 0    ; 0            ; |neander|ULA:inst|RCA8:rca8_ULA|fa:gen_for[5].u_fa                 ; work         ;
;       |mux21:mux5|                  ; 27 (27)           ; 0 (0)        ; 0           ; 0            ; 0       ; 0         ; 0         ; 0    ; 0            ; |neander|ULA:inst|mux21:mux5                                       ; work         ;
;    |codificadorULA:inst2|           ; 6 (6)             ; 0 (0)        ; 0           ; 0            ; 0       ; 0         ; 0         ; 0    ; 0            ; |neander|codificadorULA:inst2                                      ; work         ;
;    |decodificadorNeander:inst3|     ; 8 (8)             ; 0 (0)        ; 0           ; 0            ; 0       ; 0         ; 0         ; 0    ; 0            ; |neander|decodificadorNeander:inst3                                ; work         ;
;    |divisor_de_frequencia:instDiv|  ; 27 (0)            ; 27 (0)       ; 0           ; 0            ; 0       ; 0         ; 0         ; 0    ; 0            ; |neander|divisor_de_frequencia:instDiv                             ; work         ;
;       |flip_flop_d:ff0|             ; 1 (1)             ; 1 (1)        ; 0           ; 0            ; 0       ; 0         ; 0         ; 0    ; 0            ; |neander|divisor_de_frequencia:instDiv|flip_flop_d:ff0             ; work         ;
;       |flip_flop_d:gen_for[0].ffN|  ; 1 (1)             ; 1 (1)        ; 0           ; 0            ; 0       ; 0         ; 0         ; 0    ; 0            ; |neander|divisor_de_frequencia:instDiv|flip_flop_d:gen_for[0].ffN  ; work         ;
;       |flip_flop_d:gen_for[10].ffN| ; 1 (1)             ; 1 (1)        ; 0           ; 0            ; 0       ; 0         ; 0         ; 0    ; 0            ; |neander|divisor_de_frequencia:instDiv|flip_flop_d:gen_for[10].ffN ; work         ;
;       |flip_flop_d:gen_for[11].ffN| ; 1 (1)             ; 1 (1)        ; 0           ; 0            ; 0       ; 0         ; 0         ; 0    ; 0            ; |neander|divisor_de_frequencia:instDiv|flip_flop_d:gen_for[11].ffN ; work         ;
;       |flip_flop_d:gen_for[12].ffN| ; 1 (1)             ; 1 (1)        ; 0           ; 0            ; 0       ; 0         ; 0         ; 0    ; 0            ; |neander|divisor_de_frequencia:instDiv|flip_flop_d:gen_for[12].ffN ; work         ;
;       |flip_flop_d:gen_for[13].ffN| ; 1 (1)             ; 1 (1)        ; 0           ; 0            ; 0       ; 0         ; 0         ; 0    ; 0            ; |neander|divisor_de_frequencia:instDiv|flip_flop_d:gen_for[13].ffN ; work         ;
;       |flip_flop_d:gen_for[14].ffN| ; 1 (1)             ; 1 (1)        ; 0           ; 0            ; 0       ; 0         ; 0         ; 0    ; 0            ; |neander|divisor_de_frequencia:instDiv|flip_flop_d:gen_for[14].ffN ; work         ;
;       |flip_flop_d:gen_for[15].ffN| ; 1 (1)             ; 1 (1)        ; 0           ; 0            ; 0       ; 0         ; 0         ; 0    ; 0            ; |neander|divisor_de_frequencia:instDiv|flip_flop_d:gen_for[15].ffN ; work         ;
;       |flip_flop_d:gen_for[16].ffN| ; 1 (1)             ; 1 (1)        ; 0           ; 0            ; 0       ; 0         ; 0         ; 0    ; 0            ; |neander|divisor_de_frequencia:instDiv|flip_flop_d:gen_for[16].ffN ; work         ;
;       |flip_flop_d:gen_for[17].ffN| ; 1 (1)             ; 1 (1)        ; 0           ; 0            ; 0       ; 0         ; 0         ; 0    ; 0            ; |neander|divisor_de_frequencia:instDiv|flip_flop_d:gen_for[17].ffN ; work         ;
;       |flip_flop_d:gen_for[18].ffN| ; 1 (1)             ; 1 (1)        ; 0           ; 0            ; 0       ; 0         ; 0         ; 0    ; 0            ; |neander|divisor_de_frequencia:instDiv|flip_flop_d:gen_for[18].ffN ; work         ;
;       |flip_flop_d:gen_for[19].ffN| ; 1 (1)             ; 1 (1)        ; 0           ; 0            ; 0       ; 0         ; 0         ; 0    ; 0            ; |neander|divisor_de_frequencia:instDiv|flip_flop_d:gen_for[19].ffN ; work         ;
;       |flip_flop_d:gen_for[1].ffN|  ; 1 (1)             ; 1 (1)        ; 0           ; 0            ; 0       ; 0         ; 0         ; 0    ; 0            ; |neander|divisor_de_frequencia:instDiv|flip_flop_d:gen_for[1].ffN  ; work         ;
;       |flip_flop_d:gen_for[20].ffN| ; 1 (1)             ; 1 (1)        ; 0           ; 0            ; 0       ; 0         ; 0         ; 0    ; 0            ; |neander|divisor_de_frequencia:instDiv|flip_flop_d:gen_for[20].ffN ; work         ;
;       |flip_flop_d:gen_for[21].ffN| ; 1 (1)             ; 1 (1)        ; 0           ; 0            ; 0       ; 0         ; 0         ; 0    ; 0            ; |neander|divisor_de_frequencia:instDiv|flip_flop_d:gen_for[21].ffN ; work         ;
;       |flip_flop_d:gen_for[22].ffN| ; 1 (1)             ; 1 (1)        ; 0           ; 0            ; 0       ; 0         ; 0         ; 0    ; 0            ; |neander|divisor_de_frequencia:instDiv|flip_flop_d:gen_for[22].ffN ; work         ;
;       |flip_flop_d:gen_for[23].ffN| ; 1 (1)             ; 1 (1)        ; 0           ; 0            ; 0       ; 0         ; 0         ; 0    ; 0            ; |neander|divisor_de_frequencia:instDiv|flip_flop_d:gen_for[23].ffN ; work         ;
;       |flip_flop_d:gen_for[24].ffN| ; 1 (1)             ; 1 (1)        ; 0           ; 0            ; 0       ; 0         ; 0         ; 0    ; 0            ; |neander|divisor_de_frequencia:instDiv|flip_flop_d:gen_for[24].ffN ; work         ;
;       |flip_flop_d:gen_for[25].ffN| ; 1 (1)             ; 1 (1)        ; 0           ; 0            ; 0       ; 0         ; 0         ; 0    ; 0            ; |neander|divisor_de_frequencia:instDiv|flip_flop_d:gen_for[25].ffN ; work         ;
;       |flip_flop_d:gen_for[2].ffN|  ; 1 (1)             ; 1 (1)        ; 0           ; 0            ; 0       ; 0         ; 0         ; 0    ; 0            ; |neander|divisor_de_frequencia:instDiv|flip_flop_d:gen_for[2].ffN  ; work         ;
;       |flip_flop_d:gen_for[3].ffN|  ; 1 (1)             ; 1 (1)        ; 0           ; 0            ; 0       ; 0         ; 0         ; 0    ; 0            ; |neander|divisor_de_frequencia:instDiv|flip_flop_d:gen_for[3].ffN  ; work         ;
;       |flip_flop_d:gen_for[4].ffN|  ; 1 (1)             ; 1 (1)        ; 0           ; 0            ; 0       ; 0         ; 0         ; 0    ; 0            ; |neander|divisor_de_frequencia:instDiv|flip_flop_d:gen_for[4].ffN  ; work         ;
;       |flip_flop_d:gen_for[5].ffN|  ; 1 (1)             ; 1 (1)        ; 0           ; 0            ; 0       ; 0         ; 0         ; 0    ; 0            ; |neander|divisor_de_frequencia:instDiv|flip_flop_d:gen_for[5].ffN  ; work         ;
;       |flip_flop_d:gen_for[6].ffN|  ; 1 (1)             ; 1 (1)        ; 0           ; 0            ; 0       ; 0         ; 0         ; 0    ; 0            ; |neander|divisor_de_frequencia:instDiv|flip_flop_d:gen_for[6].ffN  ; work         ;
;       |flip_flop_d:gen_for[7].ffN|  ; 1 (1)             ; 1 (1)        ; 0           ; 0            ; 0       ; 0         ; 0         ; 0    ; 0            ; |neander|divisor_de_frequencia:instDiv|flip_flop_d:gen_for[7].ffN  ; work         ;
;       |flip_flop_d:gen_for[8].ffN|  ; 1 (1)             ; 1 (1)        ; 0           ; 0            ; 0       ; 0         ; 0         ; 0    ; 0            ; |neander|divisor_de_frequencia:instDiv|flip_flop_d:gen_for[8].ffN  ; work         ;
;       |flip_flop_d:gen_for[9].ffN|  ; 1 (1)             ; 1 (1)        ; 0           ; 0            ; 0       ; 0         ; 0         ; 0    ; 0            ; |neander|divisor_de_frequencia:instDiv|flip_flop_d:gen_for[9].ffN  ; work         ;
;    |mux:inst4|                      ; 8 (8)             ; 0 (0)        ; 0           ; 0            ; 0       ; 0         ; 0         ; 0    ; 0            ; |neander|mux:inst4                                                 ; work         ;
;    |runStepMode:inst7|              ; 1 (1)             ; 0 (0)        ; 0           ; 0            ; 0       ; 0         ; 0         ; 0    ; 0            ; |neander|runStepMode:inst7                                         ; work         ;
;    |temporizador:inst5|             ; 6 (6)             ; 3 (0)        ; 0           ; 0            ; 0       ; 0         ; 0         ; 0    ; 0            ; |neander|temporizador:inst5                                        ; work         ;
;       |flip_flop_d:ff0|             ; 0 (0)             ; 1 (1)        ; 0           ; 0            ; 0       ; 0         ; 0         ; 0    ; 0            ; |neander|temporizador:inst5|flip_flop_d:ff0                        ; work         ;
;       |flip_flop_d:ff1|             ; 0 (0)             ; 1 (1)        ; 0           ; 0            ; 0       ; 0         ; 0         ; 0    ; 0            ; |neander|temporizador:inst5|flip_flop_d:ff1                        ; work         ;
;       |flip_flop_d:ff2|             ; 0 (0)             ; 1 (1)        ; 0           ; 0            ; 0       ; 0         ; 0         ; 0    ; 0            ; |neander|temporizador:inst5|flip_flop_d:ff2                        ; work         ;
;    |unidadeDeControle:inst13|       ; 16 (16)           ; 0 (0)        ; 0           ; 0            ; 0       ; 0         ; 0         ; 0    ; 0            ; |neander|unidadeDeControle:inst13                                  ; work         ;
+-------------------------------------+-------------------+--------------+-------------+--------------+---------+-----------+-----------+------+--------------+--------------------------------------------------------------------+--------------+
Note: For table entries with two numbers listed, the numbers in parentheses indicate the number of resources of the given type used by the specific entity alone. The numbers listed outside of parentheses indicate the total resources of the given type used by the specific entity and all of its sub-entities in the hierarchy.


+---------------------------------------------------------------------------------+
; Registers Removed During Synthesis                                              ;
+---------------------------------------+-----------------------------------------+
; Register name                         ; Reason for Removal                      ;
+---------------------------------------+-----------------------------------------+
; AC:inst8|ffd_enable:ffd7|q            ; Merged with NZ:inst9|ffd_enable:ffd_N|q ;
; Total Number of Removed Registers = 1 ;                                         ;
+---------------------------------------+-----------------------------------------+


+------------------------------------------------------+
; General Register Statistics                          ;
+----------------------------------------------+-------+
; Statistic                                    ; Value ;
+----------------------------------------------+-------+
; Total registers                              ; 67    ;
; Number of registers using Synchronous Clear  ; 0     ;
; Number of registers using Synchronous Load   ; 0     ;
; Number of registers using Asynchronous Clear ; 64    ;
; Number of registers using Asynchronous Load  ; 0     ;
; Number of registers using Clock Enable       ; 37    ;
; Number of registers using Preset             ; 0     ;
+----------------------------------------------+-------+


+-------------------------------------------------------------------------------------------------------------------------------------------------------+
; Multiplexer Restructuring Statistics (Restructuring Performed)                                                                                        ;
+--------------------+-----------+---------------+----------------------+------------------------+------------+-----------------------------------------+
; Multiplexer Inputs ; Bus Width ; Baseline Area ; Area if Restructured ; Saving if Restructured ; Registered ; Example Multiplexer Output              ;
+--------------------+-----------+---------------+----------------------+------------------------+------------+-----------------------------------------+
; 4:1                ; 2 bits    ; 4 LEs         ; 4 LEs                ; 0 LEs                  ; No         ; |neander|codificadorULA:inst2|selULA[0] ;
; 5:1                ; 8 bits    ; 24 LEs        ; 24 LEs               ; 0 LEs                  ; No         ; |neander|ULA:inst|mux21:mux5|saida[0]   ;
+--------------------+-----------+---------------+----------------------+------------------------+------------+-----------------------------------------+


+----------------------------------------------------------------------------+
; Parameter Settings for User Entity Instance: divisor_de_frequencia:instDiv ;
+----------------+-------+---------------------------------------------------+
; Parameter Name ; Value ; Type                                              ;
+----------------+-------+---------------------------------------------------+
; N              ; 27    ; Signed Integer                                    ;
+----------------+-------+---------------------------------------------------+
Note: In order to hide this table in the UI and the text report file, please set the "Show Parameter Settings in Synthesis Report" option in "Analysis and Synthesis Settings -> More Settings" to "Off".


+---------------------------------------------------------------------+
; Parameter Settings for User Entity Instance: ULA:inst|RCA8:rca8_ULA ;
+----------------+-------+--------------------------------------------+
; Parameter Name ; Value ; Type                                       ;
+----------------+-------+--------------------------------------------+
; WIDTH          ; 8     ; Signed Integer                             ;
+----------------+-------+--------------------------------------------+
Note: In order to hide this table in the UI and the text report file, please set the "Show Parameter Settings in Synthesis Report" option in "Analysis and Synthesis Settings -> More Settings" to "Off".


+----------------------------------------------------------------------------------------------------------------+
; Port Connectivity Checks: "ULA:inst|RCA8:rca8_ULA"                                                             ;
+------+--------+----------+-------------------------------------------------------------------------------------+
; Port ; Type   ; Severity ; Details                                                                             ;
+------+--------+----------+-------------------------------------------------------------------------------------+
; cout ; Output ; Info     ; Connected to dangling logic. Logic that only feeds a dangling port will be removed. ;
+------+--------+----------+-------------------------------------------------------------------------------------+


+----------------------------------------------------------------------------------------------------------------+
; Port Connectivity Checks: "PC:inst6|incrementaPC:inc|ha:ha7"                                                   ;
+------+--------+----------+-------------------------------------------------------------------------------------+
; Port ; Type   ; Severity ; Details                                                                             ;
+------+--------+----------+-------------------------------------------------------------------------------------+
; cout ; Output ; Info     ; Connected to dangling logic. Logic that only feeds a dangling port will be removed. ;
+------+--------+----------+-------------------------------------------------------------------------------------+


+--------------------------------------------------------------+
; Port Connectivity Checks: "PC:inst6|incrementaPC:inc|ha:ha0" ;
+------+-------+----------+------------------------------------+
; Port ; Type  ; Severity ; Details                            ;
+------+-------+----------+------------------------------------+
; y    ; Input ; Info     ; Stuck at VCC                       ;
+------+-------+----------+------------------------------------+


+-------------------------------+
; Elapsed Time Per Partition    ;
+----------------+--------------+
; Partition Name ; Elapsed Time ;
+----------------+--------------+
; Top            ; 00:00:00     ;
+----------------+--------------+


+-------------------------------+
; Analysis & Synthesis Messages ;
+-------------------------------+
Info: *******************************************************************
Info: Running Quartus II 64-Bit Analysis & Synthesis
    Info: Version 13.0.1 Build 232 06/12/2013 Service Pack 1 SJ Web Edition
    Info: Processing started: Mon Jun 22 01:07:15 2026
Info: Command: quartus_map --read_settings_files=on --write_settings_files=off arqNeander -c arqNeander
Warning (20028): Parallel compilation is not licensed and has been disabled
Info (12021): Found 1 design units, including 1 entities, in source file seg_g.bdf
    Info (12023): Found entity 1: seg_G
Info (12021): Found 1 design units, including 1 entities, in source file seg_e.bdf
    Info (12023): Found entity 1: seg_E
Info (12021): Found 1 design units, including 1 entities, in source file seg_d.bdf
    Info (12023): Found entity 1: seg_D
Info (12021): Found 1 design units, including 1 entities, in source file seg_b.bdf
    Info (12023): Found entity 1: seg_B
Info (12021): Found 1 design units, including 1 entities, in source file seg_a.bdf
    Info (12023): Found entity 1: seg_A
Info (12021): Found 1 design units, including 1 entities, in source file f.bdf
    Info (12023): Found entity 1: F
Info (12021): Found 1 design units, including 1 entities, in source file bcd-7seg.bdf
    Info (12023): Found entity 1: BCD-7seg
Info (12021): Found 1 design units, including 1 entities, in source file bcd_ledc.bdf
    Info (12023): Found entity 1: bcd_ledC
Info (12021): Found 1 design units, including 1 entities, in source file fa.v
    Info (12023): Found entity 1: fa
Info (12021): Found 1 design units, including 1 entities, in source file ha.v
    Info (12023): Found entity 1: ha
Warning (12090): Entity "mux" obtained from "mux.v" instead of from Quartus II megafunction library
Info (12021): Found 1 design units, including 1 entities, in source file mux.v
    Info (12023): Found entity 1: mux
Info (12021): Found 1 design units, including 1 entities, in source file mux21.v
    Info (12023): Found entity 1: mux21
Info (12021): Found 1 design units, including 1 entities, in source file rca8.v
    Info (12023): Found entity 1: RCA8
Info (12021): Found 1 design units, including 1 entities, in source file ula.v
    Info (12023): Found entity 1: ULA
Info (12021): Found 1 design units, including 1 entities, in source file decodificadorneander.v
    Info (12023): Found entity 1: decodificadorNeander
Info (12021): Found 1 design units, including 1 entities, in source file codificadorula.v
    Info (12023): Found entity 1: codificadorULA
Info (12021): Found 1 design units, including 1 entities, in source file divisor_de_frequencia.v
    Info (12023): Found entity 1: divisor_de_frequencia
Info (12021): Found 1 design units, including 1 entities, in source file flip_flop_d.v
    Info (12023): Found entity 1: flip_flop_d
Info (12021): Found 1 design units, including 1 entities, in source file contadorupdown.v
    Info (12023): Found entity 1: contadorUpDown
Info (12021): Found 1 design units, including 1 entities, in source file temporizador.v
    Info (12023): Found entity 1: temporizador
Info (12021): Found 1 design units, including 1 entities, in source file neander.bdf
    Info (12023): Found entity 1: neander
Info (12021): Found 1 design units, including 1 entities, in source file runstepmode.v
    Info (12023): Found entity 1: runStepMode
Info (12021): Found 1 design units, including 1 entities, in source file ac.v
    Info (12023): Found entity 1: AC
Info (12021): Found 1 design units, including 1 entities, in source file ffd_enable.v
    Info (12023): Found entity 1: ffd_enable
Info (12021): Found 1 design units, including 1 entities, in source file rdm.v
    Info (12023): Found entity 1: RDM
Info (12021): Found 1 design units, including 1 entities, in source file rem.v
    Info (12023): Found entity 1: REM
Info (12021): Found 1 design units, including 1 entities, in source file incrementapc.v
    Info (12023): Found entity 1: incrementaPC
Info (12021): Found 1 design units, including 1 entities, in source file pc.v
    Info (12023): Found entity 1: PC
Info (12021): Found 1 design units, including 1 entities, in source file nz.v
    Info (12023): Found entity 1: NZ
Info (12021): Found 1 design units, including 1 entities, in source file ri.v
    Info (12023): Found entity 1: RI
Info (12021): Found 1 design units, including 1 entities, in source file rom.v
    Info (12023): Found entity 1: ROM
Info (12021): Found 1 design units, including 1 entities, in source file unidadedecontrole.v
    Info (12023): Found entity 1: unidadeDeControle
Warning (10236): Verilog HDL Implicit Net warning at divisor_de_frequencia.v(11): created implicit net for "rst"
Info (12127): Elaborating entity "neander" for the top level hierarchy
Info (12128): Elaborating entity "BCD-7seg" for hierarchy "BCD-7seg:inst17"
Info (12128): Elaborating entity "seg_A" for hierarchy "BCD-7seg:inst17|seg_A:inst"
Info (12128): Elaborating entity "seg_B" for hierarchy "BCD-7seg:inst17|seg_B:inst2"
Info (12128): Elaborating entity "bcd_ledC" for hierarchy "BCD-7seg:inst17|bcd_ledC:inst3"
Warning (275089): Not all bits in bus "~E[3..0]" are used
Warning (275080): Converted elements in bus name "~E" using legacy naming rules. Make any assignments on the new names, not on the original names.
    Warning (275081): Converted element name(s) from "~E[0]" to "~E0"
    Warning (275081): Converted element name(s) from "~E[3]" to "~E3"
    Warning (275081): Converted element name(s) from "~E[2]" to "~E2"
    Warning (275081): Converted element name(s) from "~E[0]" to "~E0"
    Warning (275081): Converted element name(s) from "~E[3]" to "~E3"
    Warning (275081): Converted element name(s) from "~E[0]" to "~E0"
    Warning (275081): Converted element name(s) from "~E[2]" to "~E2"
Info (12128): Elaborating entity "seg_D" for hierarchy "BCD-7seg:inst17|seg_D:inst4"
Info (12128): Elaborating entity "seg_E" for hierarchy "BCD-7seg:inst17|seg_E:inst5"
Info (12128): Elaborating entity "F" for hierarchy "BCD-7seg:inst17|F:inst6"
Info (12128): Elaborating entity "seg_G" for hierarchy "BCD-7seg:inst17|seg_G:inst7"
Info (12128): Elaborating entity "AC" for hierarchy "AC:inst8"
Info (12128): Elaborating entity "ffd_enable" for hierarchy "AC:inst8|ffd_enable:ffd0"
Info (12128): Elaborating entity "runStepMode" for hierarchy "runStepMode:inst7"
Info (12128): Elaborating entity "divisor_de_frequencia" for hierarchy "divisor_de_frequencia:instDiv"
Info (12128): Elaborating entity "flip_flop_d" for hierarchy "divisor_de_frequencia:instDiv|flip_flop_d:ff0"
Info (12128): Elaborating entity "unidadeDeControle" for hierarchy "unidadeDeControle:inst13"
Info (12128): Elaborating entity "temporizador" for hierarchy "temporizador:inst5"
Info (12128): Elaborating entity "decodificadorNeander" for hierarchy "decodificadorNeander:inst3"
Info (12128): Elaborating entity "RI" for hierarchy "RI:inst1"
Info (12128): Elaborating entity "RDM" for hierarchy "RDM:inst11"
Info (12128): Elaborating entity "ROM" for hierarchy "ROM:inst14"
Info (12128): Elaborating entity "REM" for hierarchy "REM:inst10"
Info (12128): Elaborating entity "mux" for hierarchy "mux:inst4"
Info (12128): Elaborating entity "PC" for hierarchy "PC:inst6"
Info (12128): Elaborating entity "incrementaPC" for hierarchy "PC:inst6|incrementaPC:inc"
Info (12128): Elaborating entity "ha" for hierarchy "PC:inst6|incrementaPC:inc|ha:ha0"
Info (12128): Elaborating entity "mux21" for hierarchy "PC:inst6|mux21:mux_inc"
Info (12128): Elaborating entity "NZ" for hierarchy "NZ:inst9"
Info (12128): Elaborating entity "ULA" for hierarchy "ULA:inst"
Info (12128): Elaborating entity "RCA8" for hierarchy "ULA:inst|RCA8:rca8_ULA"
Info (12128): Elaborating entity "fa" for hierarchy "ULA:inst|RCA8:rca8_ULA|fa:gen_for[1].u_fa"
Info (12128): Elaborating entity "codificadorULA" for hierarchy "codificadorULA:inst2"
Warning (19016): Clock multiplexers are found and protected
    Warning (19017): Found clock multiplexer runStepMode:inst7|clkOut
Info (286030): Timing-Driven Synthesis is running
Info (16010): Generating hard_block partition "hard_block:auto_generated_inst"
    Info (16011): Adding 0 node(s), including 0 DDIO, 0 PLL, 0 transceiver and 0 LCELL
Info (21057): Implemented 218 device resources after synthesis - the final resource count might be different
    Info (21058): Implemented 4 input pins
    Info (21059): Implemented 31 output pins
    Info (21061): Implemented 183 logic cells
Info: Quartus II 64-Bit Analysis & Synthesis was successful. 0 errors, 14 warnings
    Info: Peak virtual memory: 4649 megabytes
    Info: Processing ended: Mon Jun 22 01:07:17 2026
    Info: Elapsed time: 00:00:02
    Info: Total CPU time (on all processors): 00:00:02


